[rhuturajmirashi.wixsite.com/inns/index.html]
[backblue.gif]
[fade.gif]
[index.html]
[rhuturajmirashi.wixsite.com/inns/robots.txt]
[rhuturajmirashi.wixsite.com/inns/sitemap.xml]
[rhuturajmirashi.wixsite.com/inns/feed.xml]
[browser.sentry-cdn.com/4.6.2/bundle.min.js]
[static.parastorage.com/unpkg/core-js-bundle@3.2.1/minified.js]
[static.parastorage.com/unpkg/whatwg-fetch@3.0.0/dist/fetch.umd.js]
[static.parastorage.com/services/wix-bolt/1.5611.0/bolt-main/app/bolt-custom-elements.min.js]
[static.parastorage.com/unpkg/requirejs-bolt@2.3.6/requirejs.min.js]
[static.parastorage.com/services/skins/2.1229.80/images/wysiwyg/core/themes/base/cursor_zoom_out.png]
[static.parastorage.com/services/skins/2.1229.80/images/wysiwyg/core/themes/base/cursor_zoom_in.png]
[static.wixstatic.com/media/ea26fd_96d63cc5357d4e2cb2d55f39e7765baa_mv2.png/v1/fill/w_245,h_138,al_c,usm_0.66_1.00_0.01,blur_2/ea26fd_96d63cc5357d4e2cb2d55f39e7765baa_mv2.png]
[static.wixstatic.com/media/5c515b_ba0992d4129b43a7b71b647af083cc0e_mv2.png/v1/fill/w_245,h_134,al_c,usm_0.66_1.00_0.01,blur_2/5c515b_ba0992d4129b43a7b71b647af083cc0e_mv2.png]
[static.wixstatic.com/media/ea26fd_303f69127999440aa8c36982feef25bb_mv2.png/v1/fill/w_245,h_138,al_c,usm_0.66_1.00_0.01,blur_2/ea26fd_303f69127999440aa8c36982feef25bb_mv2.png]
[static.wixstatic.com/media/ea26fd_43c1bdf525834105906cb17a330e382d_mv2.png/v1/crop/x_0,y_0,w_386,h_535,blur_5/ea26fd_43c1bdf525834105906cb17a330e382d_mv2.png]
[static.wixstatic.com/media/ea26fd_17f50fbd213f4de8bae3a87e27eee235_mv2.png/v1/fill/w_156,h_176,al_c,usm_0.66_1.00_0.01,blur_2/ea26fd_17f50fbd213f4de8bae3a87e27eee235_mv2.png]
[static.wixstatic.com/media/ea26fd_3a6906abbe7640968ceee9ca5df6c0c0_mv2.png/v1/fill/w_245,h_138,al_c,usm_0.66_1.00_0.01,blur_2/ea26fd_3a6906abbe7640968ceee9ca5df6c0c0_mv2.png]
[static.wixstatic.com/media/ea26fd_ce2ef25e8ed54c018058e67b761cd562_mv2.png/v1/fill/w_245,h_138,al_c,usm_0.66_1.00_0.01,blur_2/ea26fd_ce2ef25e8ed54c018058e67b761cd562_mv2.png]
[static.wixstatic.com/media/ea26fd_692e980e98ab416a86bbe8c504b0e025_mv2.png/v1/fill/w_245,h_138,al_c,usm_0.66_1.00_0.01,blur_2/ea26fd_692e980e98ab416a86bbe8c504b0e025_mv2.png]
[static.wixstatic.com/media/ea26fd_e22d18d0646141fa88c3bec3d585a650_mv2.png/v1/fill/w_230,h_272,al_c,usm_0.66_1.00_0.01,blur_2/ea26fd_e22d18d0646141fa88c3bec3d585a650_mv2.png]
[static.wixstatic.com/media/0da768_0c5ce9e2ffa442bea0b79b690223a939_mv2.png]
[rhuturajmirashi.wixsite.com/inns/index.html]
[rhuturajmirashi.wixsite.com/inns/robots.html]
[rhuturajmirashi.wixsite.com/inns/feed.html]
